Archive member included because of file (symbol)

c:/extc/winavr-20071221/bin/../lib/gcc/avr/4.2.2/avr5\libgcc.a(_exit.o)
                              c:/extc/winavr-20071221/bin/../lib/gcc/avr/4.2.2/../../../../avr/lib/avr5/crtm16.o (exit)
c:/extc/winavr-20071221/bin/../lib/gcc/avr/4.2.2/avr5\libgcc.a(_copy_data.o)
                              ./main.o (__do_copy_data)
c:/extc/winavr-20071221/bin/../lib/gcc/avr/4.2.2/avr5\libgcc.a(_clear_bss.o)
                              ./main.o (__do_clear_bss)
c:/extc/winavr-20071221/bin/../lib/gcc/avr/4.2.2/../../../../avr/lib/avr5\libc.a(memcpy.o)
                              ./FreeRTOS/Source/queue.o (memcpy)
c:/extc/winavr-20071221/bin/../lib/gcc/avr/4.2.2/../../../../avr/lib/avr5\libc.a(memset.o)
                              ./FreeRTOS/Source/tasks.o (memset)
c:/extc/winavr-20071221/bin/../lib/gcc/avr/4.2.2/../../../../avr/lib/avr5\libc.a(strncpy.o)
                              ./FreeRTOS/Source/tasks.o (strncpy)

Memory Configuration

Name             Origin             Length             Attributes
text             0x00000000         0x00020000         xr
data             0x00800060         0x0000ffa0         rw !x
eeprom           0x00810000         0x00010000         rw !x
fuse             0x00820000         0x00000400         rw !x
lock             0x00830000         0x00000400         rw !x
signature        0x00840000         0x00000400         rw !x
*default*        0x00000000         0xffffffff

Linker script and memory map

LOAD c:/extc/winavr-20071221/bin/../lib/gcc/avr/4.2.2/../../../../avr/lib/avr5/crtm16.o
LOAD ./main.o
LOAD ./FreeRTOS/Source/croutine.o
LOAD ./FreeRTOS/Source/list.o
LOAD ./FreeRTOS/Source/queue.o
LOAD ./FreeRTOS/Source/tasks.o
LOAD ./FreeRTOS/Source/portable/MemMang/heap_1.o
LOAD ./FreeRTOS/Source/portable/GCC/ATMega323/port.o
LOAD c:/extc/winavr-20071221/bin/../lib/gcc/avr/4.2.2/avr5\libgcc.a
LOAD c:/extc/winavr-20071221/bin/../lib/gcc/avr/4.2.2/../../../../avr/lib/avr5\libc.a
LOAD c:/extc/winavr-20071221/bin/../lib/gcc/avr/4.2.2/avr5\libgcc.a

.hash
 *(.hash)

.dynsym
 *(.dynsym)

.dynstr
 *(.dynstr)

.gnu.version
 *(.gnu.version)

.gnu.version_d
 *(.gnu.version_d)

.gnu.version_r
 *(.gnu.version_r)

.rel.init
 *(.rel.init)

.rela.init
 *(.rela.init)

.rel.text
 *(.rel.text)
 *(.rel.text.*)
 *(.rel.gnu.linkonce.t*)

.rela.text
 *(.rela.text)
 *(.rela.text.*)
 *(.rela.gnu.linkonce.t*)

.rel.fini
 *(.rel.fini)

.rela.fini
 *(.rela.fini)

.rel.rodata
 *(.rel.rodata)
 *(.rel.rodata.*)
 *(.rel.gnu.linkonce.r*)

.rela.rodata
 *(.rela.rodata)
 *(.rela.rodata.*)
 *(.rela.gnu.linkonce.r*)

.rel.data
 *(.rel.data)
 *(.rel.data.*)
 *(.rel.gnu.linkonce.d*)

.rela.data
 *(.rela.data)
 *(.rela.data.*)
 *(.rela.gnu.linkonce.d*)

.rel.ctors
 *(.rel.ctors)

.rela.ctors
 *(.rela.ctors)

.rel.dtors
 *(.rel.dtors)

.rela.dtors
 *(.rela.dtors)

.rel.got
 *(.rel.got)

.rela.got
 *(.rela.got)

.rel.bss
 *(.rel.bss)

.rela.bss
 *(.rela.bss)

.rel.plt
 *(.rel.plt)

.rela.plt
 *(.rela.plt)

.text           0x00000000     0x19f2
 *(.vectors)
 .vectors       0x00000000       0x54 c:/extc/winavr-20071221/bin/../lib/gcc/avr/4.2.2/../../../../avr/lib/avr5/crtm16.o
                0x00000000                __vectors
                0x00000000                __vector_default
 *(.vectors)
 *(.progmem.gcc*)
 *(.progmem*)
                0x00000054                . = ALIGN (0x2)
                0x00000054                __trampolines_start = .
 *(.trampolines)
 .trampolines   0x00000054        0x0 linker stubs
 *(.trampolines*)
                0x00000054                __trampolines_end = .
 *(.jumptables)
 *(.jumptables*)
 *(.lowtext)
 *(.lowtext*)
                0x00000054                __ctors_start = .
 *(.ctors)
                0x00000054                __ctors_end = .
                0x00000054                __dtors_start = .
 *(.dtors)
                0x00000054                __dtors_end = .
 SORT(*)(.ctors)
 SORT(*)(.dtors)
 *(.init0)
 .init0         0x00000054        0x0 c:/extc/winavr-20071221/bin/../lib/gcc/avr/4.2.2/../../../../avr/lib/avr5/crtm16.o
                0x00000054                __init
 *(.init0)
 *(.init1)
 *(.init1)
 *(.init2)
 .init2         0x00000054        0xc c:/extc/winavr-20071221/bin/../lib/gcc/avr/4.2.2/../../../../avr/lib/avr5/crtm16.o
 *(.init2)
 *(.init3)
 *(.init3)
 *(.init4)
 .init4         0x00000060       0x16 c:/extc/winavr-20071221/bin/../lib/gcc/avr/4.2.2/avr5\libgcc.a(_copy_data.o)
                0x00000060                __do_copy_data
 .init4         0x00000076       0x10 c:/extc/winavr-20071221/bin/../lib/gcc/avr/4.2.2/avr5\libgcc.a(_clear_bss.o)
                0x00000076                __do_clear_bss
 *(.init4)
 *(.init5)
 *(.init5)
 *(.init6)
 *(.init6)
 *(.init7)
 *(.init7)
 *(.init8)
 *(.init8)
 *(.init9)
 .init9         0x00000086        0x8 c:/extc/winavr-20071221/bin/../lib/gcc/avr/4.2.2/../../../../avr/lib/avr5/crtm16.o
 *(.init9)
 *(.text)
 .text          0x0000008e        0x4 c:/extc/winavr-20071221/bin/../lib/gcc/avr/4.2.2/../../../../avr/lib/avr5/crtm16.o
                0x0000008e                __vector_1
                0x0000008e                __vector_12
                0x0000008e                __bad_interrupt
                0x0000008e                __vector_3
                0x0000008e                __vector_11
                0x0000008e                __vector_13
                0x0000008e                __vector_17
                0x0000008e                __vector_19
                0x0000008e                __vector_7
                0x0000008e                __vector_5
                0x0000008e                __vector_4
                0x0000008e                __vector_9
                0x0000008e                __vector_2
                0x0000008e                __vector_15
                0x0000008e                __vector_8
                0x0000008e                __vector_14
                0x0000008e                __vector_10
                0x0000008e                __vector_16
                0x0000008e                __vector_18
                0x0000008e                __vector_20
 .text          0x00000092       0xaa ./main.o
                0x000000c6                vLED_1
                0x000000a2                vLED_3
                0x000000d8                main
                0x000000b4                vLED_2
                0x00000094                AVR_init
                0x00000092                vApplicationIdleHook
 .text          0x0000013c      0x3f0 ./FreeRTOS/Source/croutine.o
                0x0000013c                xCoRoutineRemoveFromEventList
                0x0000042c                xCoRoutineCreate
                0x00000196                vCoRoutineSchedule
                0x000003aa                vCoRoutineAddToDelayedList
 .text          0x0000052c      0x128 ./FreeRTOS/Source/list.o
                0x00000554                vListInsertEnd
                0x00000610                vListRemove
                0x0000054c                vListInitialiseItem
                0x0000052c                vListInitialise
                0x0000059c                vListInsert
 .text          0x00000654      0x74c ./FreeRTOS/Source/queue.o
                0x00000cdc                xQueueGenericSendFromISR
                0x00000a10                xQueueCreate
                0x00000698                vQueueDelete
                0x000007ec                xQueueGenericSend
                0x000006b4                xQueueReceiveFromISR
                0x00000682                xQueueIsQueueFullFromISR
                0x00000ad0                xQueueGenericReceive
                0x00000654                uxQueueMessagesWaiting
                0x00000666                uxQueueMessagesWaitingFromISR
                0x0000066e                xQueueIsQueueEmptyFromISR
 .text          0x00000da0      0x848 ./FreeRTOS/Source/tasks.o
                0x000010ae                vTaskEndScheduler
                0x0000102c                vTaskPlaceOnEventList
                0x00000db6                xTaskGetTickCount
                0x00000e78                xTaskRemoveFromEventList
                0x000012d2                xTaskCheckForTimeOut
                0x00000da0                vTaskSuspendAll
                0x00000ddc                vTaskSwitchContext
                0x00000dca                uxTaskGetNumberOfTasks
                0x00000f0a                vTaskIncrementTick
                0x0000134e                xTaskResumeAll
                0x00001294                vTaskStartScheduler
                0x00000e70                vTaskMissedYield
                0x000010c0                xTaskCreate
                0x00001550                vTaskDelay
                0x00000e5a                vTaskSetTimeOutState
 .text          0x000015e8       0x5a ./FreeRTOS/Source/portable/MemMang/heap_1.o
                0x000015e8                vPortFree
                0x000015f4                pvPortMalloc
                0x000015ea                vPortInitialiseBlocks
 .text          0x00001642      0x370 ./FreeRTOS/Source/portable/GCC/ATMega323/port.o
                0x00001726                xPortStartScheduler
                0x000018fa                __vector_6
                0x00001792                vPortYieldFromTick
                0x00001724                vPortEndScheduler
                0x00001848                vPortYield
                0x00001642                pxPortInitialiseStack
 .text          0x000019b2        0x0 c:/extc/winavr-20071221/bin/../lib/gcc/avr/4.2.2/avr5\libgcc.a(_exit.o)
 .text          0x000019b2        0x0 c:/extc/winavr-20071221/bin/../lib/gcc/avr/4.2.2/avr5\libgcc.a(_copy_data.o)
 .text          0x000019b2        0x0 c:/extc/winavr-20071221/bin/../lib/gcc/avr/4.2.2/avr5\libgcc.a(_clear_bss.o)
 .text          0x000019b2       0x12 c:/extc/winavr-20071221/bin/../lib/gcc/avr/4.2.2/../../../../avr/lib/avr5\libc.a(memcpy.o)
                0x000019b2                memcpy
 .text          0x000019c4        0xe c:/extc/winavr-20071221/bin/../lib/gcc/avr/4.2.2/../../../../avr/lib/avr5\libc.a(memset.o)
                0x000019c4                memset
 .text          0x000019d2       0x1e c:/extc/winavr-20071221/bin/../lib/gcc/avr/4.2.2/../../../../avr/lib/avr5\libc.a(strncpy.o)
                0x000019d2                strncpy
                0x000019f0                . = ALIGN (0x2)
 *(.text.*)
 .text.libgcc   0x000019f0        0x0 c:/extc/winavr-20071221/bin/../lib/gcc/avr/4.2.2/avr5\libgcc.a(_exit.o)
 .text.libgcc   0x000019f0        0x0 c:/extc/winavr-20071221/bin/../lib/gcc/avr/4.2.2/avr5\libgcc.a(_copy_data.o)
 .text.libgcc   0x000019f0        0x0 c:/extc/winavr-20071221/bin/../lib/gcc/avr/4.2.2/avr5\libgcc.a(_clear_bss.o)
                0x000019f0                . = ALIGN (0x2)
 *(.fini9)
 .fini9         0x000019f0        0x0 c:/extc/winavr-20071221/bin/../lib/gcc/avr/4.2.2/avr5\libgcc.a(_exit.o)
                0x000019f0                exit
                0x000019f0                _exit
 *(.fini9)
 *(.fini8)
 *(.fini8)
 *(.fini7)
 *(.fini7)
 *(.fini6)
 *(.fini6)
 *(.fini5)
 *(.fini5)
 *(.fini4)
 *(.fini4)
 *(.fini3)
 *(.fini3)
 *(.fini2)
 *(.fini2)
 *(.fini1)
 *(.fini1)
 *(.fini0)
 .fini0         0x000019f0        0x2 c:/extc/winavr-20071221/bin/../lib/gcc/avr/4.2.2/avr5\libgcc.a(_exit.o)
 *(.fini0)
                0x000019f2                _etext = .

.data           0x00800060        0xe load address 0x000019f2
                0x00800060                PROVIDE (__data_start, .)
 *(.data)
 .data          0x00800060        0x0 c:/extc/winavr-20071221/bin/../lib/gcc/avr/4.2.2/../../../../avr/lib/avr5/crtm16.o
 .data          0x00800060        0x9 ./main.o
 .data          0x00800069        0x0 ./FreeRTOS/Source/croutine.o
 .data          0x00800069        0x0 ./FreeRTOS/Source/list.o
 .data          0x00800069        0x0 ./FreeRTOS/Source/queue.o
 .data          0x00800069        0x5 ./FreeRTOS/Source/tasks.o
 .data          0x0080006e        0x0 ./FreeRTOS/Source/portable/MemMang/heap_1.o
 .data          0x0080006e        0x0 ./FreeRTOS/Source/portable/GCC/ATMega323/port.o
 .data          0x0080006e        0x0 c:/extc/winavr-20071221/bin/../lib/gcc/avr/4.2.2/avr5\libgcc.a(_exit.o)
 .data          0x0080006e        0x0 c:/extc/winavr-20071221/bin/../lib/gcc/avr/4.2.2/avr5\libgcc.a(_copy_data.o)
 .data          0x0080006e        0x0 c:/extc/winavr-20071221/bin/../lib/gcc/avr/4.2.2/avr5\libgcc.a(_clear_bss.o)
 .data          0x0080006e        0x0 c:/extc/winavr-20071221/bin/../lib/gcc/avr/4.2.2/../../../../avr/lib/avr5\libc.a(memcpy.o)
 .data          0x0080006e        0x0 c:/extc/winavr-20071221/bin/../lib/gcc/avr/4.2.2/../../../../avr/lib/avr5\libc.a(memset.o)
 .data          0x0080006e        0x0 c:/extc/winavr-20071221/bin/../lib/gcc/avr/4.2.2/../../../../avr/lib/avr5\libc.a(strncpy.o)
 *(.data*)
 *(.rodata)
 *(.rodata*)
 *(.gnu.linkonce.d*)
                0x0080006e                . = ALIGN (0x2)
                0x0080006e                _edata = .
                0x0080006e                PROVIDE (__data_end, .)

.bss            0x0080006e      0x283 load address 0x00001a00
                0x0080006e                PROVIDE (__bss_start, .)
 *(.bss)
 .bss           0x0080006e        0x0 c:/extc/winavr-20071221/bin/../lib/gcc/avr/4.2.2/../../../../avr/lib/avr5/crtm16.o
 .bss           0x0080006e        0x0 ./main.o
 .bss           0x0080006e       0x3a ./FreeRTOS/Source/croutine.o
                0x0080006e                pxCurrentCoRoutine
 .bss           0x008000a8        0x0 ./FreeRTOS/Source/list.o
 .bss           0x008000a8        0x0 ./FreeRTOS/Source/queue.o
 .bss           0x008000a8       0x4f ./FreeRTOS/Source/tasks.o
                0x008000a8                pxCurrentTCB
 .bss           0x008000f7      0x1fa ./FreeRTOS/Source/portable/MemMang/heap_1.o
 .bss           0x008002f1        0x0 ./FreeRTOS/Source/portable/GCC/ATMega323/port.o
 .bss           0x008002f1        0x0 c:/extc/winavr-20071221/bin/../lib/gcc/avr/4.2.2/avr5\libgcc.a(_exit.o)
 .bss           0x008002f1        0x0 c:/extc/winavr-20071221/bin/../lib/gcc/avr/4.2.2/avr5\libgcc.a(_copy_data.o)
 .bss           0x008002f1        0x0 c:/extc/winavr-20071221/bin/../lib/gcc/avr/4.2.2/avr5\libgcc.a(_clear_bss.o)
 .bss           0x008002f1        0x0 c:/extc/winavr-20071221/bin/../lib/gcc/avr/4.2.2/../../../../avr/lib/avr5\libc.a(memcpy.o)
 .bss           0x008002f1        0x0 c:/extc/winavr-20071221/bin/../lib/gcc/avr/4.2.2/../../../../avr/lib/avr5\libc.a(memset.o)
 .bss           0x008002f1        0x0 c:/extc/winavr-20071221/bin/../lib/gcc/avr/4.2.2/../../../../avr/lib/avr5\libc.a(strncpy.o)
 *(.bss*)
 *(COMMON)
                0x008002f1                PROVIDE (__bss_end, .)
                0x000019f2                __data_load_start = LOADADDR (.data)
                0x00001a00                __data_load_end = (__data_load_start + SIZEOF (.data))

.noinit         0x008002f1        0x0
                0x008002f1                PROVIDE (__noinit_start, .)
 *(.noinit*)
                0x008002f1                PROVIDE (__noinit_end, .)
                0x008002f1                _end = .
                0x008002f1                PROVIDE (__heap_start, .)

.eeprom         0x00810000        0x0
 *(.eeprom*)
                0x00810000                __eeprom_end = .

.fuse
 *(.fuse)
 *(.lfuse)
 *(.hfuse)
 *(.efuse)

.lock
 *(.lock*)

.signature
 *(.signature*)

.stab           0x00000000      0x378
 *(.stab)
 .stab          0x00000000      0x378 c:/extc/winavr-20071221/bin/../lib/gcc/avr/4.2.2/../../../../avr/lib/avr5/crtm16.o

.stabstr        0x00000000       0x5f
 *(.stabstr)
 .stabstr       0x00000000       0x5f c:/extc/winavr-20071221/bin/../lib/gcc/avr/4.2.2/../../../../avr/lib/avr5/crtm16.o

.stab.excl
 *(.stab.excl)

.stab.exclstr
 *(.stab.exclstr)

.stab.index
 *(.stab.index)

.stab.indexstr
 *(.stab.indexstr)

.comment
 *(.comment)

.debug
 *(.debug)

.line
 *(.line)

.debug_srcinfo
 *(.debug_srcinfo)

.debug_sfnames
 *(.debug_sfnames)

.debug_aranges
 *(.debug_aranges)

.debug_pubnames
 *(.debug_pubnames)

.debug_info
 *(.debug_info)
 *(.gnu.linkonce.wi.*)

.debug_abbrev
 *(.debug_abbrev)

.debug_line
 *(.debug_line)

.debug_frame
 *(.debug_frame)

.debug_str
 *(.debug_str)

.debug_loc
 *(.debug_loc)

.debug_macinfo
 *(.debug_macinfo)
OUTPUT(FreeRTOS_m16_demo.elf elf32-avr)
LOAD linker stubs
